// Jest Snapshot v1, https://goo.gl/fbAQLP

exports[`NavBar render properly 1`] = `
"<header class=\\"navbar\\">
  <nuxtlink to=\\"/\\" class=\\"navbar__logo\\"><img src=\\"/logo.svg\\" alt=\\"Secondary - Page d'accueil\\"></nuxtlink>
  <nav class=\\"navbar__nav\\">
    <ul>
      <li>
        <nuxtlink to=\\"/\\">Accueil</nuxtlink>
      </li>
      <li>
        <nuxtlink to=\\"/tarif\\">Tarification</nuxtlink>
      </li>
    </ul>
  </nav>
</header>"
`;
